
> next-app@0.1.0 build
> next build

node.exe : ΓÜá Warning: 
Next.js inferred your 
workspace root, but it may 
not be correct.
At C:\Program 
Files\nodejs\npm.ps1:29 
char:3
+   & $NODE_EXE 
$NPM_CLI_JS $args
+   ~~~~~~~~~~~~~~~~~~~~~~~
~~~~~~
    + CategoryInfo         
     : NotSpecified: (ΓÜá  
   Warning: Ne...not be    
 correct.:String) [], R    
emoteException
    + FullyQualifiedErrorI 
   d : NativeCommandError
 
 We detected multiple 
lockfiles and selected the 
directory of D:\ayati\adclu
bmadras\package-lock.json 
as the root directory.
 To silence this warning, 
set `turbopack.root` in 
your Next.js config, or 
consider removing one of 
the lockfiles if it's not 
needed.
   See https://nextjs.org/d
ocs/app/api-reference/confi
g/next-config-js/turbopack#
root-directory for more 
information.
 Detected additional 
lockfiles: 
   * D:\ayati\adclubmadras\
next-app\package-lock.json

Γû▓ Next.js 16.2.2 (Turbopack)

  Creating an optimized production build ...

> Build error occurred
Error: Turbopack build 
failed with 66 errors:
./next-app/src/pages/Home/J
oinClubSection.jsx:9:1
Module not found: Can't 
resolve 
'../context/ThemeContext'
  [90m 7 |[0m 
[36mimport[0m 
topicImage4 [36mfrom[0m 
[32m"/assets/hero-img.svg"
[0m;
  [90m 8 |[0m 
[36mimport[0m 
topicImage5 [36mfrom[0m 
[32m"/assets/hero-img.svg"
[0m;
[31m[1m>[0m [90m 9 
|[0m [36mimport[0m { 
useTheme } [36mfrom[0m [
32m"../context/ThemeContext
"[0m; [90m// Γ£à Theme 
hook[0m
  [90m   |[0m [31m[1m^^
^^^^^^^^^^^^^^^^^^^^^^^^^^^
^^^^^^^^^^^^^^^^^^^^^^[0m
  [90m10 |[0m
  [90m11 |[0m 
[36mconst[0m topics = [
  [90m12 |[0m   { title: 
[32m"Networking 
Opportunities"[0m, image: 
topicImage1 },



https://nextjs.org/docs/mes
sages/module-not-found


./next-app/src/components/S
crollProgressBar.jsx:3:1
Module not found: Can't 
resolve '../index.css'
  [90m1 |[0m [32m"use 
client"[0m;
  [90m2 |[0m 
[36mimport[0m 
[33mReact[0m, { 
useEffect, useState } 
[36mfrom[0m 
[32m"react"[0m;
[31m[1m>[0m [90m3 
|[0m [36mimport[0m 
[32m"../index.css"[0m;
  [90m  |[0m [31m[1m^^^
^^^^^^^^^^^^^^^^^^^[0m
  [90m4 |[0m
  [90m5 |[0m
  [90m6 |[0m 
[36mconst[0m 
[33mScrollProgress[0m = 
() => {



Import traces:
  Client Component Browser:
    ./next-app/src/componen
ts/ScrollProgressBar.jsx 
[Client Component Browser]
    ./next-app/src/layout/M
ainLayout.jsx [Client 
Component Browser]
    ./next-app/src/layout/M
ainLayout.jsx [Server 
Component]
    ./next-app/src/app/layo
ut.js [Server Component]

  Client Component SSR:
    ./next-app/src/componen
ts/ScrollProgressBar.jsx 
[Client Component SSR]
    ./next-app/src/layout/M
ainLayout.jsx [Client 
Component SSR]
    ./next-app/src/layout/M
ainLayout.jsx [Server 
Component]
    ./next-app/src/app/layo
ut.js [Server Component]

https://nextjs.org/docs/mes
sages/module-not-found


./next-app/src/components
Module not found: Can't 
resolve './ad-logo.png'
server relative imports 
are not implemented yet. 
Please try an import 
relative to the file you 
are importing from.


https://nextjs.org/docs/mes
sages/module-not-found


./next-app/src/pages/About
Module not found: Can't 
resolve 
'./assets/Circle-gray.svg'
server relative imports 
are not implemented yet. 
Please try an import 
relative to the file you 
are importing from.


https://nextjs.org/docs/mes
sages/module-not-found


./next-app/src/pages/About
Module not found: Can't 
resolve './assets/Circle-ye
llow.svg'
server relative imports 
are not implemented yet. 
Please try an import 
relative to the file you 
are importing from.


https://nextjs.org/docs/mes
sages/module-not-found


./next-app/src/pages/Home
Module not found: Can't 
resolve './assets/Circle-ye
llow.svg'
server relative imports 
are not implemented yet. 
Please try an import 
relative to the file you 
are importing from.


https://nextjs.org/docs/mes
sages/module-not-found


./next-app/src/pages/Home
Module not found: Can't 
resolve 
'./assets/Event-1.svg'
server relative imports 
are not implemented yet. 
Please try an import 
relative to the file you 
are importing from.


https://nextjs.org/docs/mes
sages/module-not-found


./next-app/src/pages/Home
Module not found: Can't 
resolve 
'./assets/Event-2.svg'
server relative imports 
are not implemented yet. 
Please try an import 
relative to the file you 
are importing from.


https://nextjs.org/docs/mes
sages/module-not-found


./next-app/src/pages/Home
Module not found: Can't 
resolve 
'./assets/Event-3.svg'
server relative imports 
are not implemented yet. 
Please try an import 
relative to the file you 
are importing from.


https://nextjs.org/docs/mes
sages/module-not-found


./next-app/src/pages/Home
Module not found: Can't 
resolve 
'./assets/Event-4.svg'
server relative imports 
are not implemented yet. 
Please try an import 
relative to the file you 
are importing from.


https://nextjs.org/docs/mes
sages/module-not-found


./next-app/src/pages/Home
Module not found: Can't 
resolve 
'./assets/Event-5.svg'
server relative imports 
are not implemented yet. 
Please try an import 
relative to the file you 
are importing from.


https://nextjs.org/docs/mes
sages/module-not-found


./next-app/src/pages/Home
Module not found: Can't 
resolve './assets/Joinus-ba
nnar.svg'
server relative imports 
are not implemented yet. 
Please try an import 
relative to the file you 
are importing from.


https://nextjs.org/docs/mes
sages/module-not-found


./next-app/src/pages/Home
Module not found: Can't 
resolve 
'./assets/Pencil-left.svg'
server relative imports 
are not implemented yet. 
Please try an import 
relative to the file you 
are importing from.


https://nextjs.org/docs/mes
sages/module-not-found


./next-app/src/pages/Home
Module not found: Can't 
resolve 
'./assets/Pencil-right.svg'
server relative imports 
are not implemented yet. 
Please try an import 
relative to the file you 
are importing from.


https://nextjs.org/docs/mes
sages/module-not-found


./next-app/src/pages/About
Module not found: Can't 
resolve './assets/circle-pr
ofile.svg'
server relative imports 
are not implemented yet. 
Please try an import 
relative to the file you 
are importing from.


https://nextjs.org/docs/mes
sages/module-not-found


./next-app/src/components
Module not found: Can't 
resolve 
'./assets/fotter-fream.svg'
server relative imports 
are not implemented yet. 
Please try an import 
relative to the file you 
are importing from.


https://nextjs.org/docs/mes
sages/module-not-found


./next-app/src/pages/Home
Module not found: Can't 
resolve 
'./assets/hero-fream.svg'
server relative imports 
are not implemented yet. 
Please try an import 
relative to the file you 
are importing from.


https://nextjs.org/docs/mes
sages/module-not-found


./next-app/src/pages/About
Module not found: Can't 
resolve 
'./assets/hero-img.svg'
server relative imports 
are not implemented yet. 
Please try an import 
relative to the file you 
are importing from.


https://nextjs.org/docs/mes
sages/module-not-found


./next-app/src/pages/Home
Module not found: Can't 
resolve 
'./assets/hero-img.svg'
server relative imports 
are not implemented yet. 
Please try an import 
relative to the file you 
are importing from.


https://nextjs.org/docs/mes
sages/module-not-found


./next-app/src/components
Module not found: Can't 
resolve './assets/logo.svg'
server relative imports 
are not implemented yet. 
Please try an import 
relative to the file you 
are importing from.


https://nextjs.org/docs/mes
sages/module-not-found


./next-app/src/data
Module not found: Can't 
resolve 
'./events/eventbanner.jpg'
server relative imports 
are not implemented yet. 
Please try an import 
relative to the file you 
are importing from.


https://nextjs.org/docs/mes
sages/module-not-found


./next-app/src/data
Module not found: Can't 
resolve './events/eventbann
er2.jpeg'
server relative imports 
are not implemented yet. 
Please try an import 
relative to the file you 
are importing from.


https://nextjs.org/docs/mes
sages/module-not-found


./next-app/src/data
Module not found: Can't 
resolve 
'./events/eventbanner3.jpg'
server relative imports 
are not implemented yet. 
Please try an import 
relative to the file you 
are importing from.


https://nextjs.org/docs/mes
sages/module-not-found


./next-app/src/data
Module not found: Can't 
resolve 
'./events/eventbanner4.png'
server relative imports 
are not implemented yet. 
Please try an import 
relative to the file you 
are importing from.


https://nextjs.org/docs/mes
sages/module-not-found


./next-app/src/components
Module not found: Can't 
resolve './logo-bottom.svg'
server relative imports 
are not implemented yet. 
Please try an import 
relative to the file you 
are importing from.


https://nextjs.org/docs/mes
sages/module-not-found


./next-app/src/pages/Home
Module not found: Can't 
resolve 
'./maddys-2026-2.png'
server relative imports 
are not implemented yet. 
Please try an import 
relative to the file you 
are importing from.


https://nextjs.org/docs/mes
sages/module-not-found


./next-app/src/components/N
avbar.jsx:7:1
Module not found: Can't 
resolve '/ad-logo.png'
  [90m 5 |[0m 
[36mimport[0m { 
[33mMenu[0m, [33mX[0m 
} [36mfrom[0m 
[32m"lucide-react"[0m;
  [90m 6 |[0m 
[36mimport[0m { motion } 
[36mfrom[0m 
[32m"framer-motion"[0m;
[31m[1m>[0m [90m 7 
|[0m [36mimport[0m logo 
[36mfrom[0m 
[32m"/ad-logo.png"[0m;
  [90m   |[0m [31m[1m^^
^^^^^^^^^^^^^^^^^^^^^^^^^^^
^^^[0m
  [90m 8 |[0m 
[36mimport[0m { useTheme 
} [36mfrom[0m [32m"../co
ntext/ThemeContext"[0m;
  [90m 9 |[0m 
[36mimport[0m 
[33mSwal[0m 
[36mfrom[0m 
[32m"sweetalert2"[0m;
  [90m10 |[0m 
[36mimport[0m { 
getUserDetails } 
[36mfrom[0m 
[32m"@/api/api"[0m;



Import traces:
  Client Component Browser:
    ./next-app/src/componen
ts/Navbar.jsx [Client 
Component Browser]
    ./next-app/src/layout/M
ainLayout.jsx [Client 
Component Browser]
    ./next-app/src/layout/M
ainLayout.jsx [Server 
Component]
    ./next-app/src/app/layo
ut.js [Server Component]

  Client Component SSR:
    ./next-app/src/componen
ts/Navbar.jsx [Client 
Component SSR]
    ./next-app/src/layout/M
ainLayout.jsx [Client 
Component SSR]
    ./next-app/src/layout/M
ainLayout.jsx [Server 
Component]
    ./next-app/src/app/layo
ut.js [Server Component]

https://nextjs.org/docs/mes
sages/module-not-found


./next-app/src/pages/About/
AboutCircle.jsx:4:1
Module not found: Can't 
resolve 
'/assets/Circle-gray.svg'
  [90m2 |[0m 
[36mimport[0m 
[33mReact[0m 
[36mfrom[0m 
[32m"react"[0m;
  [90m3 |[0m 
[36mimport[0m { motion } 
[36mfrom[0m 
[32m"framer-motion"[0m;
[31m[1m>[0m [90m4 
|[0m [36mimport[0m 
[33mCircleGray[0m 
[36mfrom[0m [32m"/assets
/Circle-gray.svg"[0m;
  [90m  |[0m [31m[1m^^^
^^^^^^^^^^^^^^^^^^^^^^^^^^^
^^^^^^^^^^^^^^^^^^^[0m
  [90m5 |[0m 
[36mimport[0m 
[33mCircleYellow[0m 
[36mfrom[0m [32m"/assets
/Circle-yellow.svg"[0m;
  [90m6 |[0m 
[36mimport[0m { useTheme 
} [36mfrom[0m [32m"@/con
text/ThemeContext"[0m;
  [90m7 |[0m



Import traces:
  Client Component Browser:
    ./next-app/src/pages/Ab
out/AboutCircle.jsx 
[Client Component Browser]
    ./next-app/src/pages/Ab
outPage.jsx [Client 
Component Browser]
    ./next-app/src/pages/Ab
outPage.jsx [Server 
Component]
    ./next-app/src/app/abou
t-us/page.jsx [Server 
Component]

  Client Component SSR:
    ./next-app/src/pages/Ab
out/AboutCircle.jsx 
[Client Component SSR]
    ./next-app/src/pages/Ab
outPage.jsx [Client 
Component SSR]
    ./next-app/src/pages/Ab
outPage.jsx [Server 
Component]
    ./next-app/src/app/abou
t-us/page.jsx [Server 
Component]

https://nextjs.org/docs/mes
sages/module-not-found


./next-app/src/pages/About/
AboutCircle.jsx:5:1
Module not found: Can't 
resolve 
'/assets/Circle-yellow.svg'
  [90m3 |[0m 
[36mimport[0m { motion } 
[36mfrom[0m 
[32m"framer-motion"[0m;
  [90m4 |[0m 
[36mimport[0m 
[33mCircleGray[0m 
[36mfrom[0m [32m"/assets
/Circle-gray.svg"[0m;
[31m[1m>[0m [90m5 
|[0m [36mimport[0m 
[33mCircleYellow[0m 
[36mfrom[0m [32m"/assets
/Circle-yellow.svg"[0m;
  [90m  |[0m [31m[1m^^^
^^^^^^^^^^^^^^^^^^^^^^^^^^^
^^^^^^^^^^^^^^^^^^^^^^^[0m
  [90m6 |[0m 
[36mimport[0m { useTheme 
} [36mfrom[0m [32m"@/con
text/ThemeContext"[0m;
  [90m7 |[0m
  [90m8 |[0m 
[36mexport[0m 
[36mdefault[0m 
[36mfunction[0m 
[33mAboutCircle[0m() {



Import traces:
  Client Component Browser:
    ./next-app/src/pages/Ab
out/AboutCircle.jsx 
[Client Component Browser]
    ./next-app/src/pages/Ab
outPage.jsx [Client 
Component Browser]
    ./next-app/src/pages/Ab
outPage.jsx [Server 
Component]
    ./next-app/src/app/abou
t-us/page.jsx [Server 
Component]

  Client Component SSR:
    ./next-app/src/pages/Ab
out/AboutCircle.jsx 
[Client Component SSR]
    ./next-app/src/pages/Ab
outPage.jsx [Client 
Component SSR]
    ./next-app/src/pages/Ab
outPage.jsx [Server 
Component]
    ./next-app/src/app/abou
t-us/page.jsx [Server 
Component]

https://nextjs.org/docs/mes
sages/module-not-found


./next-app/src/pages/Home/E
ventSection.jsx:4:1
Module not found: Can't 
resolve 
'/assets/Circle-yellow.svg'
  [90m2 |[0m 
[36mimport[0m 
[33mReact[0m 
[36mfrom[0m 
[32m"react"[0m;
  [90m3 |[0m 
[36mimport[0m { motion } 
[36mfrom[0m 
[32m"framer-motion"[0m;
[31m[1m>[0m [90m4 
|[0m [36mimport[0m 
[33mCircleGray[0m 
[36mfrom[0m [32m"/assets
/Circle-yellow.svg"[0m;
  [90m  |[0m [31m[1m^^^
^^^^^^^^^^^^^^^^^^^^^^^^^^^
^^^^^^^^^^^^^^^^^^^^^[0m
  [90m5 |[0m 
[36mimport[0m 
[33mCircleYellow[0m 
[36mfrom[0m [32m"/assets
/Circle-yellow.svg"[0m;
  [90m6 |[0m 
[36mimport[0m { useTheme 
} [36mfrom[0m [32m"@/con
text/ThemeContext"[0m;
  [90m7 |[0m



Import trace:
  Server Component:
    ./next-app/src/pages/Ho
me/EventSection.jsx
    
./next-app/src/app/page.jsx

https://nextjs.org/docs/mes
sages/module-not-found


./next-app/src/pages/Home/E
ventSection.jsx:5:1
Module not found: Can't 
resolve 
'/assets/Circle-yellow.svg'
  [90m3 |[0m 
[36mimport[0m { motion } 
[36mfrom[0m 
[32m"framer-motion"[0m;
  [90m4 |[0m 
[36mimport[0m 
[33mCircleGray[0m 
[36mfrom[0m [32m"/assets
/Circle-yellow.svg"[0m;
[31m[1m>[0m [90m5 
|[0m [36mimport[0m 
[33mCircleYellow[0m 
[36mfrom[0m [32m"/assets
/Circle-yellow.svg"[0m;
  [90m  |[0m [31m[1m^^^
^^^^^^^^^^^^^^^^^^^^^^^^^^^
^^^^^^^^^^^^^^^^^^^^^^^[0m
  [90m6 |[0m 
[36mimport[0m { useTheme 
} [36mfrom[0m [32m"@/con
text/ThemeContext"[0m;
  [90m7 |[0m
  [90m8 |[0m 
[36mexport[0m 
[36mdefault[0m 
[36mfunction[0m 
[33mEventSection[0m() {



Import trace:
  Server Component:
    ./next-app/src/pages/Ho
me/EventSection.jsx
    
./next-app/src/app/page.jsx

https://nextjs.org/docs/mes
sages/module-not-found


./next-app/src/pages/Home/E
ventGrid.jsx:7:1
Module not found: Can't 
resolve 
'/assets/Event-1.svg'
  [90m 5 |[0m 
[36mimport[0m { 
[33mArrowRight[0m } 
[36mfrom[0m 
[32m"lucide-react"[0m;
  [90m 6 |[0m
[31m[1m>[0m [90m 7 
|[0m [36mimport[0m 
image1 [36mfrom[0m [32m"
/assets/Event-1.svg"[0m;
  [90m   |[0m [31m[1m^^
^^^^^^^^^^^^^^^^^^^^^^^^^^^
^^^^^^^^^^^^[0m
  [90m 8 |[0m 
[36mimport[0m image2 
[36mfrom[0m [32m"/assets
/Event-2.svg"[0m;
  [90m 9 |[0m 
[36mimport[0m image3 
[36mfrom[0m [32m"/assets
/Event-3.svg"[0m;
  [90m10 |[0m 
[36mimport[0m image4 
[36mfrom[0m [32m"/assets
/Event-4.svg"[0m;



https://nextjs.org/docs/mes
sages/module-not-found


./next-app/src/pages/Home/E
ventGrid.jsx:8:1
Module not found: Can't 
resolve 
'/assets/Event-2.svg'
  [90m 6 |[0m
  [90m 7 |[0m 
[36mimport[0m image1 
[36mfrom[0m [32m"/assets
/Event-1.svg"[0m;
[31m[1m>[0m [90m 8 
|[0m [36mimport[0m 
image2 [36mfrom[0m [32m"
/assets/Event-2.svg"[0m;
  [90m   |[0m [31m[1m^^
^^^^^^^^^^^^^^^^^^^^^^^^^^^
^^^^^^^^^^^^[0m
  [90m 9 |[0m 
[36mimport[0m image3 
[36mfrom[0m [32m"/assets
/Event-3.svg"[0m;
  [90m10 |[0m 
[36mimport[0m image4 
[36mfrom[0m [32m"/assets
/Event-4.svg"[0m;
  [90m11 |[0m 
[36mimport[0m image5 
[36mfrom[0m [32m"/assets
/Event-5.svg"[0m;



https://nextjs.org/docs/mes
sages/module-not-found


./next-app/src/pages/Home/E
ventGrid.jsx:9:1
Module not found: Can't 
resolve 
'/assets/Event-3.svg'
  [90m 7 |[0m 
[36mimport[0m image1 
[36mfrom[0m [32m"/assets
/Event-1.svg"[0m;
  [90m 8 |[0m 
[36mimport[0m image2 
[36mfrom[0m [32m"/assets
/Event-2.svg"[0m;
[31m[1m>[0m [90m 9 
|[0m [36mimport[0m 
image3 [36mfrom[0m [32m"
/assets/Event-3.svg"[0m;
  [90m   |[0m [31m[1m^^
^^^^^^^^^^^^^^^^^^^^^^^^^^^
^^^^^^^^^^^^[0m
  [90m10 |[0m 
[36mimport[0m image4 
[36mfrom[0m [32m"/assets
/Event-4.svg"[0m;
  [90m11 |[0m 
[36mimport[0m image5 
[36mfrom[0m [32m"/assets
/Event-5.svg"[0m;
  [90m12 |[0m



https://nextjs.org/docs/mes
sages/module-not-found


./next-app/src/pages/Home/E
ventGrid.jsx:10:1
Module not found: Can't 
resolve 
'/assets/Event-4.svg'
  [90m 8 |[0m 
[36mimport[0m image2 
[36mfrom[0m [32m"/assets
/Event-2.svg"[0m;
  [90m 9 |[0m 
[36mimport[0m image3 
[36mfrom[0m [32m"/assets
/Event-3.svg"[0m;
[31m[1m>[0m [90m10 
|[0m [36mimport[0m 
image4 [36mfrom[0m [32m"
/assets/Event-4.svg"[0m;
  [90m   |[0m [31m[1m^^
^^^^^^^^^^^^^^^^^^^^^^^^^^^
^^^^^^^^^^^^[0m
  [90m11 |[0m 
[36mimport[0m image5 
[36mfrom[0m [32m"/assets
/Event-5.svg"[0m;
  [90m12 |[0m
  [90m13 |[0m 
[36mconst[0m events = [



https://nextjs.org/docs/mes
sages/module-not-found


./next-app/src/pages/Home/E
ventGrid.jsx:11:1
Module not found: Can't 
resolve 
'/assets/Event-5.svg'
  [90m 9 |[0m 
[36mimport[0m image3 
[36mfrom[0m [32m"/assets
/Event-3.svg"[0m;
  [90m10 |[0m 
[36mimport[0m image4 
[36mfrom[0m [32m"/assets
/Event-4.svg"[0m;
[31m[1m>[0m [90m11 
|[0m [36mimport[0m 
image5 [36mfrom[0m [32m"
/assets/Event-5.svg"[0m;
  [90m   |[0m [31m[1m^^
^^^^^^^^^^^^^^^^^^^^^^^^^^^
^^^^^^^^^^^^[0m
  [90m12 |[0m
  [90m13 |[0m 
[36mconst[0m events = [
  [90m14 |[0m   { title: 
[32m"Networking 
Opportunities"[0m, image: 
image1, slug: [32m"network
ing-opportunities"[0m },



https://nextjs.org/docs/mes
sages/module-not-found


./next-app/src/pages/Home/J
oinUsBanner.jsx:3:1
Module not found: Can't 
resolve 
'/assets/Joinus-bannar.svg'
  [90m1 |[0m [32m"use 
client"[0m;
  [90m2 |[0m 
[36mimport[0m 
[33mReact[0m 
[36mfrom[0m 
[32m"react"[0m;
[31m[1m>[0m [90m3 
|[0m [36mimport[0m 
[33mJoinus[0m 
[36mfrom[0m [32m"/assets
/Joinus-bannar.svg"[0m;
  [90m  |[0m [31m[1m^^^
^^^^^^^^^^^^^^^^^^^^^^^^^^^
^^^^^^^^^^^^^^^^^[0m
  [90m4 |[0m
  [90m5 |[0m 
[36mexport[0m 
[36mdefault[0m 
[36mfunction[0m 
[33mJoinUsBanner[0m() {
  [90m6 |[0m   
[36mreturn[0m (



Import trace:
  Server Component:
    ./next-app/src/pages/Ho
me/JoinUsBanner.jsx
    
./next-app/src/app/page.jsx

https://nextjs.org/docs/mes
sages/module-not-found


./next-app/src/pages/Home/C
ommunityBanner.jsx:3:1
Module not found: Can't 
resolve 
'/assets/Pencil-left.svg'
  [90m1 |[0m [32m"use 
client"[0m;
  [90m2 |[0m 
[36mimport[0m 
[33mReact[0m, { 
useEffect } [36mfrom[0m 
[32m"react"[0m;
[31m[1m>[0m [90m3 
|[0m [36mimport[0m 
bgPencilGray [36mfrom[0m 
[32m"/assets/Pencil-left.s
vg"[0m;
  [90m  |[0m [31m[1m^^^
^^^^^^^^^^^^^^^^^^^^^^^^^^^
^^^^^^^^^^^^^^^^^^^^^[0m
  [90m4 |[0m 
[36mimport[0m 
bgPencilYellow 
[36mfrom[0m [32m"/assets
/Pencil-left.svg"[0m;
  [90m5 |[0m
  [90m6 |[0m 
[36mimport[0m 
[33mAOS[0m [36mfrom[0m 
[32m"aos"[0m;



Import trace:
  Server Component:
    ./next-app/src/pages/Ho
me/CommunityBanner.jsx
    
./next-app/src/app/page.jsx

https://nextjs.org/docs/mes
sages/module-not-found


./next-app/src/pages/Home/C
ommunityBanner.jsx:4:1
Module not found: Can't 
resolve 
'/assets/Pencil-left.svg'
  [90m2 |[0m 
[36mimport[0m 
[33mReact[0m, { 
useEffect } [36mfrom[0m 
[32m"react"[0m;
  [90m3 |[0m 
[36mimport[0m 
bgPencilGray [36mfrom[0m 
[32m"/assets/Pencil-left.s
vg"[0m;
[31m[1m>[0m [90m4 
|[0m [36mimport[0m 
bgPencilYellow 
[36mfrom[0m [32m"/assets
/Pencil-left.svg"[0m;
  [90m  |[0m [31m[1m^^^
^^^^^^^^^^^^^^^^^^^^^^^^^^^
^^^^^^^^^^^^^^^^^^^^^^^[0m
  [90m5 |[0m
  [90m6 |[0m 
[36mimport[0m 
[33mAOS[0m [36mfrom[0m 
[32m"aos"[0m;
  [90m7 |[0m 
[36mimport[0m [32m"aos/d
ist/aos.css"[0m;



Import trace:
  Server Component:
    ./next-app/src/pages/Ho
me/CommunityBanner.jsx
    
./next-app/src/app/page.jsx

https://nextjs.org/docs/mes
sages/module-not-found


./next-app/src/pages/Home/J
oinUsSection.jsx:6:1
Module not found: Can't 
resolve 
'/assets/Pencil-right.svg'
  [90m4 |[0m 
[36mimport[0m { 
[33mArrowRight[0m } 
[36mfrom[0m 
[32m"lucide-react"[0m;
  [90m5 |[0m 
[36mimport[0m { motion } 
[36mfrom[0m 
[32m"framer-motion"[0m;
[31m[1m>[0m [90m6 
|[0m [36mimport[0m 
bgPencilGray [36mfrom[0m 
[32m"/assets/Pencil-right.
svg"[0m;
  [90m  |[0m [31m[1m^^^
^^^^^^^^^^^^^^^^^^^^^^^^^^^
^^^^^^^^^^^^^^^^^^^^^^[0m
  [90m7 |[0m 
[36mimport[0m 
bgPencilYellow 
[36mfrom[0m [32m"/assets
/Pencil-right.svg"[0m;
  [90m8 |[0m 
[36mimport[0m { useTheme 
} [36mfrom[0m [32m"@/con
text/ThemeContext"[0m;
  [90m9 |[0m



Import trace:
  Server Component:
    ./next-app/src/pages/Ho
me/JoinUsSection.jsx
    
./next-app/src/app/page.jsx

https://nextjs.org/docs/mes
sages/module-not-found


./next-app/src/pages/Home/J
oinUsSection.jsx:7:1
Module not found: Can't 
resolve 
'/assets/Pencil-right.svg'
  [90m 5 |[0m 
[36mimport[0m { motion } 
[36mfrom[0m 
[32m"framer-motion"[0m;
  [90m 6 |[0m 
[36mimport[0m 
bgPencilGray [36mfrom[0m 
[32m"/assets/Pencil-right.
svg"[0m;
[31m[1m>[0m [90m 7 
|[0m [36mimport[0m 
bgPencilYellow 
[36mfrom[0m [32m"/assets
/Pencil-right.svg"[0m;
  [90m   |[0m [31m[1m^^
^^^^^^^^^^^^^^^^^^^^^^^^^^^
^^^^^^^^^^^^^^^^^^^^^^^^^[
0m
  [90m 8 |[0m 
[36mimport[0m { useTheme 
} [36mfrom[0m [32m"@/con
text/ThemeContext"[0m;
  [90m 9 |[0m
  [90m10 |[0m



Import trace:
  Server Component:
    ./next-app/src/pages/Ho
me/JoinUsSection.jsx
    
./next-app/src/app/page.jsx

https://nextjs.org/docs/mes
sages/module-not-found


./next-app/src/pages/About/
PastPresidentsGrid.jsx:4:1
Module not found: Can't 
resolve '/assets/circle-pro
file.svg'
  [90m2 |[0m 
[36mimport[0m 
[33mReact[0m, { 
useEffect, useState } 
[36mfrom[0m 
[32m"react"[0m;
  [90m3 |[0m 
[36mimport[0m { motion } 
[36mfrom[0m 
[32m"framer-motion"[0m;
[31m[1m>[0m [90m4 
|[0m [36mimport[0m 
profileCircle 
[36mfrom[0m [32m"/assets
/circle-profile.svg"[0m;
  [90m  |[0m [31m[1m^^^
^^^^^^^^^^^^^^^^^^^^^^^^^^^
^^^^^^^^^^^^^^^^^^^^^^^^^[
0m
  [90m5 |[0m 
[36mimport[0m { 
getPastPresidents } 
[36mfrom[0m 
[32m"@/api/api"[0m ;
  [90m6 |[0m
  [90m7 |[0m 
[36mconst[0m 
cardVariants = {



Import traces:
  Client Component Browser:
    ./next-app/src/pages/Ab
out/PastPresidentsGrid.jsx 
[Client Component Browser]
    ./next-app/src/pages/Ab
outPage.jsx [Client 
Component Browser]
    ./next-app/src/pages/Ab
outPage.jsx [Server 
Component]
    ./next-app/src/app/abou
t-us/page.jsx [Server 
Component]

  Client Component SSR:
    ./next-app/src/pages/Ab
out/PastPresidentsGrid.jsx 
[Client Component SSR]
    ./next-app/src/pages/Ab
outPage.jsx [Client 
Component SSR]
    ./next-app/src/pages/Ab
outPage.jsx [Server 
Component]
    ./next-app/src/app/abou
t-us/page.jsx [Server 
Component]

https://nextjs.org/docs/mes
sages/module-not-found


./next-app/src/components/F
ooterSection.jsx:7:1
Module not found: Can't 
resolve 
'/assets/fotter-fream.svg'
  [90m 5 |[0m
  [90m 6 |[0m 
[36mimport[0m logo 
[36mfrom[0m [32m"/logo-b
ottom.svg"[0m;
[31m[1m>[0m [90m 7 
|[0m [36mimport[0m 
footerFream [36mfrom[0m 
[32m"/assets/fotter-fream.s
vg"[0m;
  [90m   |[0m [31m[1m^^
^^^^^^^^^^^^^^^^^^^^^^^^^^^
^^^^^^^^^^^^^^^^^^^^^^[0m
  [90m 8 |[0m 
[36mimport[0m { 
[33mFaLinkedinIn[0m, 
[33mFaInstagram[0m } 
[36mfrom[0m 
[32m"react-icons/fa"[0m;
  [90m 9 |[0m 
[36mimport[0m 
[33mLoginModal[0m 
[36mfrom[0m [32m"../page
s/MemberLogin"[0m;
  [90m10 |[0m



Import traces:
  Client Component Browser:
    ./next-app/src/componen
ts/FooterSection.jsx 
[Client Component Browser]
    ./next-app/src/layout/M
ainLayout.jsx [Client 
Component Browser]
    ./next-app/src/layout/M
ainLayout.jsx [Server 
Component]
    ./next-app/src/app/layo
ut.js [Server Component]

  Client Component SSR:
    ./next-app/src/componen
ts/FooterSection.jsx 
[Client Component SSR]
    ./next-app/src/layout/M
ainLayout.jsx [Client 
Component SSR]
    ./next-app/src/layout/M
ainLayout.jsx [Server 
Component]
    ./next-app/src/app/layo
ut.js [Server Component]

https://nextjs.org/docs/mes
sages/module-not-found


./next-app/src/pages/Home/H
eroSection.jsx:4:1
Module not found: Can't 
resolve 
'/assets/hero-fream.svg'
  [90m2 |[0m 
[36mimport[0m { 
useRouter } [36mfrom[0m 
[32m'next/navigation'[0m;
  [90m3 |[0m 
[36mimport[0m 
[33mReact[0m, { useState 
} [36mfrom[0m 
[32m"react"[0m;
[31m[1m>[0m [90m4 
|[0m [36mimport[0m 
bgGraphic [36mfrom[0m [3
2m"/assets/hero-fream.svg"
[0m;
  [90m  |[0m [31m[1m^^^
^^^^^^^^^^^^^^^^^^^^^^^^^^^
^^^^^^^^^^^^^^^^^[0m
  [90m5 |[0m 
[36mimport[0m { useTheme 
} [36mfrom[0m [32m"@/con
text/ThemeContext"[0m;
  [90m6 |[0m 
[36mimport[0m { motion } 
[36mfrom[0m 
[32m"framer-motion"[0m;
  [90m7 |[0m 
[36mimport[0m maddyImage 
[36mfrom[0m [32m"/maddys
-2026-2.png"[0m; [90m// 
Γ£à Ensure this is in 
`public` or correct 
`s..[0m.



Import trace:
  Server Component:
    ./next-app/src/pages/Ho
me/HeroSection.jsx
    
./next-app/src/app/page.jsx

https://nextjs.org/docs/mes
sages/module-not-found


./next-app/src/pages/About/
AboutBanner.jsx:4:1
Module not found: Can't 
resolve 
'/assets/hero-img.svg'
  [90m2 |[0m 
[36mimport[0m 
[33mReact[0m 
[36mfrom[0m 
[32m"react"[0m;
  [90m3 |[0m 
[36mimport[0m { motion } 
[36mfrom[0m 
[32m"framer-motion"[0m;
[31m[1m>[0m [90m4 
|[0m [36mimport[0m 
heroImage [36mfrom[0m [3
2m"/assets/hero-img.svg"[0
m;
  [90m  |[0m [31m[1m^^^
^^^^^^^^^^^^^^^^^^^^^^^^^^^
^^^^^^^^^^^^^^^[0m
  [90m5 |[0m 
[36mimport[0m { useTheme 
} [36mfrom[0m [32m"@/con
text/ThemeContext"[0m;
  [90m6 |[0m
  [90m7 |[0m [90m// 
Animation Variants[0m



Import traces:
  Client Component Browser:
    ./next-app/src/pages/Ab
out/AboutBanner.jsx 
[Client Component Browser]
    ./next-app/src/pages/Ab
outPage.jsx [Client 
Component Browser]
    ./next-app/src/pages/Ab
outPage.jsx [Server 
Component]
    ./next-app/src/app/abou
t-us/page.jsx [Server 
Component]

  Client Component SSR:
    ./next-app/src/pages/Ab
out/AboutBanner.jsx 
[Client Component SSR]
    ./next-app/src/pages/Ab
outPage.jsx [Client 
Component SSR]
    ./next-app/src/pages/Ab
outPage.jsx [Server 
Component]
    ./next-app/src/app/abou
t-us/page.jsx [Server 
Component]

https://nextjs.org/docs/mes
sages/module-not-found


./next-app/src/pages/Home/J
oinClubSection.jsx:4:1
Module not found: Can't 
resolve 
'/assets/hero-img.svg'
  [90m2 |[0m 
[36mimport[0m 
[33mReact[0m, { useState 
} [36mfrom[0m 
[32m"react"[0m;
  [90m3 |[0m 
[36mimport[0m { 
[33mArrowRight[0m } 
[36mfrom[0m 
[32m"lucide-react"[0m;
[31m[1m>[0m [90m4 
|[0m [36mimport[0m 
topicImage1 [36mfrom[0m 
[32m"/assets/hero-img.svg"
[0m;
  [90m  |[0m [31m[1m^^^
^^^^^^^^^^^^^^^^^^^^^^^^^^^
^^^^^^^^^^^^^^^^^[0m
  [90m5 |[0m 
[36mimport[0m 
topicImage2 [36mfrom[0m 
[32m"/assets/hero-img.svg"
[0m;
  [90m6 |[0m 
[36mimport[0m 
topicImage3 [36mfrom[0m 
[32m"/assets/hero-img.svg"
[0m;
  [90m7 |[0m 
[36mimport[0m 
topicImage4 [36mfrom[0m 
[32m"/assets/hero-img.svg"
[0m;



https://nextjs.org/docs/mes
sages/module-not-found


./next-app/src/pages/Home/J
oinClubSection.jsx:5:1
Module not found: Can't 
resolve 
'/assets/hero-img.svg'
  [90m3 |[0m 
[36mimport[0m { 
[33mArrowRight[0m } 
[36mfrom[0m 
[32m"lucide-react"[0m;
  [90m4 |[0m 
[36mimport[0m 
topicImage1 [36mfrom[0m 
[32m"/assets/hero-img.svg"
[0m;
[31m[1m>[0m [90m5 
|[0m [36mimport[0m 
topicImage2 [36mfrom[0m 
[32m"/assets/hero-img.svg"
[0m;
  [90m  |[0m [31m[1m^^^
^^^^^^^^^^^^^^^^^^^^^^^^^^^
^^^^^^^^^^^^^^^^^[0m
  [90m6 |[0m 
[36mimport[0m 
topicImage3 [36mfrom[0m 
[32m"/assets/hero-img.svg"
[0m;
  [90m7 |[0m 
[36mimport[0m 
topicImage4 [36mfrom[0m 
[32m"/assets/hero-img.svg"
[0m;
  [90m8 |[0m 
[36mimport[0m 
topicImage5 [36mfrom[0m 
[32m"/assets/hero-img.svg"
[0m;



https://nextjs.org/docs/mes
sages/module-not-found


./next-app/src/pages/Home/J
oinClubSection.jsx:6:1
Module not found: Can't 
resolve 
'/assets/hero-img.svg'
  [90m4 |[0m 
[36mimport[0m 
topicImage1 [36mfrom[0m 
[32m"/assets/hero-img.svg"
[0m;
  [90m5 |[0m 
[36mimport[0m 
topicImage2 [36mfrom[0m 
[32m"/assets/hero-img.svg"
[0m;
[31m[1m>[0m [90m6 
|[0m [36mimport[0m 
topicImage3 [36mfrom[0m 
[32m"/assets/hero-img.svg"
[0m;
  [90m  |[0m [31m[1m^^^
^^^^^^^^^^^^^^^^^^^^^^^^^^^
^^^^^^^^^^^^^^^^^[0m
  [90m7 |[0m 
[36mimport[0m 
topicImage4 [36mfrom[0m 
[32m"/assets/hero-img.svg"
[0m;
  [90m8 |[0m 
[36mimport[0m 
topicImage5 [36mfrom[0m 
[32m"/assets/hero-img.svg"
[0m;
  [90m9 |[0m 
[36mimport[0m { useTheme 
} [36mfrom[0m [32m"../co
ntext/ThemeContext"[0m; 
[90m// Γ£à Theme hook[0m



https://nextjs.org/docs/mes
sages/module-not-found


./next-app/src/pages/Home/J
oinClubSection.jsx:7:1
Module not found: Can't 
resolve 
'/assets/hero-img.svg'
  [90m 5 |[0m 
[36mimport[0m 
topicImage2 [36mfrom[0m 
[32m"/assets/hero-img.svg"
[0m;
  [90m 6 |[0m 
[36mimport[0m 
topicImage3 [36mfrom[0m 
[32m"/assets/hero-img.svg"
[0m;
[31m[1m>[0m [90m 7 
|[0m [36mimport[0m 
topicImage4 [36mfrom[0m 
[32m"/assets/hero-img.svg"
[0m;
  [90m   |[0m [31m[1m^^
^^^^^^^^^^^^^^^^^^^^^^^^^^^
^^^^^^^^^^^^^^^^^^[0m
  [90m 8 |[0m 
[36mimport[0m 
topicImage5 [36mfrom[0m 
[32m"/assets/hero-img.svg"
[0m;
  [90m 9 |[0m 
[36mimport[0m { useTheme 
} [36mfrom[0m [32m"../co
ntext/ThemeContext"[0m; 
[90m// Γ£à Theme hook[0m
  [90m10 |[0m



https://nextjs.org/docs/mes
sages/module-not-found


./next-app/src/pages/Home/J
oinClubSection.jsx:8:1
Module not found: Can't 
resolve 
'/assets/hero-img.svg'
  [90m 6 |[0m 
[36mimport[0m 
topicImage3 [36mfrom[0m 
[32m"/assets/hero-img.svg"
[0m;
  [90m 7 |[0m 
[36mimport[0m 
topicImage4 [36mfrom[0m 
[32m"/assets/hero-img.svg"
[0m;
[31m[1m>[0m [90m 8 
|[0m [36mimport[0m 
topicImage5 [36mfrom[0m 
[32m"/assets/hero-img.svg"
[0m;
  [90m   |[0m [31m[1m^^
^^^^^^^^^^^^^^^^^^^^^^^^^^^
^^^^^^^^^^^^^^^^^^[0m
  [90m 9 |[0m 
[36mimport[0m { useTheme 
} [36mfrom[0m [32m"../co
ntext/ThemeContext"[0m; 
[90m// Γ£à Theme hook[0m
  [90m10 |[0m
  [90m11 |[0m 
[36mconst[0m topics = [



https://nextjs.org/docs/mes
sages/module-not-found


./next-app/src/components/S
crollToTopButton.jsx:7:1
Module not found: Can't 
resolve '/assets/logo.svg'
  [90m 5 |[0m 
[36mimport[0m 
[33mLoader[0m 
[36mfrom[0m 
[32m"./Loader"[0m;
  [90m 6 |[0m
[31m[1m>[0m [90m 7 
|[0m [36mimport[0m logo 
[36mfrom[0m [32m"/assets
/logo.svg"[0m;
  [90m   |[0m [31m[1m^^
^^^^^^^^^^^^^^^^^^^^^^^^^^^
^^^^^^^[0m
  [90m 8 |[0m 
[36mexport[0m 
[36mdefault[0m 
[36mfunction[0m [33mScro
llToTopWithLoader[0m() {
  [90m 9 |[0m   
[36mconst[0m 
[showButton, 
setShowButton] = 
useState([36mfalse[0m);
  [90m10 |[0m   
[36mconst[0m 
[scrollPercent, 
setScrollPercent] = 
useState([35m0[0m);



Import traces:
  Client Component Browser:
    ./next-app/src/componen
ts/ScrollToTopButton.jsx 
[Client Component Browser]
    ./next-app/src/layout/M
ainLayout.jsx [Client 
Component Browser]
    ./next-app/src/layout/M
ainLayout.jsx [Server 
Component]
    ./next-app/src/app/layo
ut.js [Server Component]

  Client Component SSR:
    ./next-app/src/componen
ts/ScrollToTopButton.jsx 
[Client Component SSR]
    ./next-app/src/layout/M
ainLayout.jsx [Client 
Component SSR]
    ./next-app/src/layout/M
ainLayout.jsx [Server 
Component]
    ./next-app/src/app/layo
ut.js [Server Component]

https://nextjs.org/docs/mes
sages/module-not-found


./next-app/src/data/EventsD
ata.js:4:1
Module not found: Can't 
resolve 
'/events/eventbanner.jpg'
  [90m2 |[0m [90m// 
data/Gallary.js[0m
  [90m3 |[0m
[31m[1m>[0m [90m4 
|[0m [36mimport[0m 
[33mEventBanner1[0m 
[36mfrom[0m [32m"/events
/eventbanner.jpg"[0m;
  [90m  |[0m [31m[1m^^^
^^^^^^^^^^^^^^^^^^^^^^^^^^^
^^^^^^^^^^^^^^^^^^^^^[0m
  [90m5 |[0m 
[36mimport[0m 
[33mEventBanner2[0m 
[36mfrom[0m [32m"/events
/eventbanner2.jpeg"[0m;
  [90m6 |[0m 
[36mimport[0m 
[33mEventBanner3[0m 
[36mfrom[0m [32m"/events
/eventbanner3.jpg"[0m;
  [90m7 |[0m 
[36mimport[0m 
[33mEventBanner4[0m 
[36mfrom[0m [32m"/events
/eventbanner4.png"[0m;



Import traces:
  Browser:
    ./next-app/src/data/Eve
ntsData.js
    ./next-app/src/pages/Ho
me/LatestNews.jsx

  SSR:
    ./next-app/src/data/Eve
ntsData.js
    ./next-app/src/pages/Ho
me/LatestNews.jsx

https://nextjs.org/docs/mes
sages/module-not-found


./next-app/src/data/EventsD
ata.js:5:1
Module not found: Can't 
resolve 
'/events/eventbanner2.jpeg'
  [90m3 |[0m
  [90m4 |[0m 
[36mimport[0m 
[33mEventBanner1[0m 
[36mfrom[0m [32m"/events
/eventbanner.jpg"[0m;
[31m[1m>[0m [90m5 
|[0m [36mimport[0m 
[33mEventBanner2[0m 
[36mfrom[0m [32m"/events
/eventbanner2.jpeg"[0m;
  [90m  |[0m [31m[1m^^^
^^^^^^^^^^^^^^^^^^^^^^^^^^^
^^^^^^^^^^^^^^^^^^^^^^^[0m
  [90m6 |[0m 
[36mimport[0m 
[33mEventBanner3[0m 
[36mfrom[0m [32m"/events
/eventbanner3.jpg"[0m;
  [90m7 |[0m 
[36mimport[0m 
[33mEventBanner4[0m 
[36mfrom[0m [32m"/events
/eventbanner4.png"[0m;
  [90m8 |[0m



Import traces:
  Browser:
    ./next-app/src/data/Eve
ntsData.js
    ./next-app/src/pages/Ho
me/LatestNews.jsx

  SSR:
    ./next-app/src/data/Eve
ntsData.js
    ./next-app/src/pages/Ho
me/LatestNews.jsx

https://nextjs.org/docs/mes
sages/module-not-found


./next-app/src/data/EventsD
ata.js:6:1
Module not found: Can't 
resolve 
'/events/eventbanner3.jpg'
  [90m4 |[0m 
[36mimport[0m 
[33mEventBanner1[0m 
[36mfrom[0m [32m"/events
/eventbanner.jpg"[0m;
  [90m5 |[0m 
[36mimport[0m 
[33mEventBanner2[0m 
[36mfrom[0m [32m"/events
/eventbanner2.jpeg"[0m;
[31m[1m>[0m [90m6 
|[0m [36mimport[0m 
[33mEventBanner3[0m 
[36mfrom[0m [32m"/events
/eventbanner3.jpg"[0m;
  [90m  |[0m [31m[1m^^^
^^^^^^^^^^^^^^^^^^^^^^^^^^^
^^^^^^^^^^^^^^^^^^^^^^[0m
  [90m7 |[0m 
[36mimport[0m 
[33mEventBanner4[0m 
[36mfrom[0m [32m"/events
/eventbanner4.png"[0m;
  [90m8 |[0m
  [90m9 |[0m 
[36mexport[0m 
[36mconst[0m categories 
= [



Import traces:
  Browser:
    ./next-app/src/data/Eve
ntsData.js
    ./next-app/src/pages/Ho
me/LatestNews.jsx

  SSR:
    ./next-app/src/data/Eve
ntsData.js
    ./next-app/src/pages/Ho
me/LatestNews.jsx

https://nextjs.org/docs/mes
sages/module-not-found


./next-app/src/data/EventsD
ata.js:7:1
Module not found: Can't 
resolve 
'/events/eventbanner4.png'
  [90m 5 |[0m 
[36mimport[0m 
[33mEventBanner2[0m 
[36mfrom[0m [32m"/events
/eventbanner2.jpeg"[0m;
  [90m 6 |[0m 
[36mimport[0m 
[33mEventBanner3[0m 
[36mfrom[0m [32m"/events
/eventbanner3.jpg"[0m;
[31m[1m>[0m [90m 7 
|[0m [36mimport[0m 
[33mEventBanner4[0m 
[36mfrom[0m [32m"/events
/eventbanner4.png"[0m;
  [90m   |[0m [31m[1m^^
^^^^^^^^^^^^^^^^^^^^^^^^^^^
^^^^^^^^^^^^^^^^^^^^^^^[0m
  [90m 8 |[0m
  [90m 9 |[0m 
[36mexport[0m 
[36mconst[0m categories 
= [
  [90m10 |[0m   
[32m"All"[0m,



Import traces:
  Browser:
    ./next-app/src/data/Eve
ntsData.js
    ./next-app/src/pages/Ho
me/LatestNews.jsx

  SSR:
    ./next-app/src/data/Eve
ntsData.js
    ./next-app/src/pages/Ho
me/LatestNews.jsx

https://nextjs.org/docs/mes
sages/module-not-found


./next-app/src/components/F
ooterSection.jsx:6:1
Module not found: Can't 
resolve '/logo-bottom.svg'
  [90m4 |[0m 
[36mimport[0m 
[33mReact[0m, { useState 
} [36mfrom[0m 
[32m"react"[0m;
  [90m5 |[0m
[31m[1m>[0m [90m6 
|[0m [36mimport[0m logo 
[36mfrom[0m [32m"/logo-b
ottom.svg"[0m;
  [90m  |[0m [31m[1m^^^
^^^^^^^^^^^^^^^^^^^^^^^^^^^
^^^^^^[0m
  [90m7 |[0m 
[36mimport[0m 
footerFream [36mfrom[0m 
[32m"/assets/fotter-fream.s
vg"[0m;
  [90m8 |[0m 
[36mimport[0m { 
[33mFaLinkedinIn[0m, 
[33mFaInstagram[0m } 
[36mfrom[0m 
[32m"react-icons/fa"[0m;
  [90m9 |[0m 
[36mimport[0m 
[33mLoginModal[0m 
[36mfrom[0m [32m"../page
s/MemberLogin"[0m;



Import traces:
  Client Component Browser:
    ./next-app/src/componen
ts/FooterSection.jsx 
[Client Component Browser]
    ./next-app/src/layout/M
ainLayout.jsx [Client 
Component Browser]
    ./next-app/src/layout/M
ainLayout.jsx [Server 
Component]
    ./next-app/src/app/layo
ut.js [Server Component]

  Client Component SSR:
    ./next-app/src/componen
ts/FooterSection.jsx 
[Client Component SSR]
    ./next-app/src/layout/M
ainLayout.jsx [Client 
Component SSR]
    ./next-app/src/layout/M
ainLayout.jsx [Server 
Component]
    ./next-app/src/app/layo
ut.js [Server Component]

https://nextjs.org/docs/mes
sages/module-not-found


./next-app/src/pages/Home/H
eroSection.jsx:7:1
Module not found: Can't 
resolve 
'/maddys-2026-2.png'
  [90m 5 |[0m 
[36mimport[0m { useTheme 
} [36mfrom[0m [32m"@/con
text/ThemeContext"[0m;
  [90m 6 |[0m 
[36mimport[0m { motion } 
[36mfrom[0m 
[32m"framer-motion"[0m;
[31m[1m>[0m [90m 7 
|[0m [36mimport[0m 
maddyImage [36mfrom[0m [
32m"/maddys-2026-2.png"[0m
; [90m// Γ£à Ensure this 
is in `public` or correct 
`...[0m
  [90m   |[0m [31m[1m^^
^^^^^^^^^^^^^^^^^^^^^^^^^^^
^^^^^^^^^^^^^^^[0m
  [90m 8 |[0m
  [90m 9 |[0m
  [90m10 |[0m 
[36mexport[0m 
[36mdefault[0m 
[36mfunction[0m 
[33mHeroSection[0m() {



Import trace:
  Server Component:
    ./next-app/src/pages/Ho
me/HeroSection.jsx
    
./next-app/src/app/page.jsx

https://nextjs.org/docs/mes
sages/module-not-found


./next-app/src/pages/Gallar
y/GallaryDetailsPage 
copy.jsx:11:1
Module not found: Can't 
resolve '@/assets/gallary/g
allery-1.png'
  [90m 9 |[0m 
[36mimport[0m image7 
[36mfrom[0m [32m"@/asset
s/gallary/gallery-7.png"[0
m;
  [90m10 |[0m 
[36mimport[0m image8 
[36mfrom[0m [32m"@/asset
s/gallary/gallery-8.png"[0
m;
[31m[1m>[0m [90m11 
|[0m [36mimport[0m 
image1 [36mfrom[0m [32m"
@/assets/gallary/gallery-1.
png"[0m;
  [90m   |[0m [31m[1m^^
^^^^^^^^^^^^^^^^^^^^^^^^^^^
^^^^^^^^^^^^^^^^^^^^^^^[0m
  [90m12 |[0m
  [90m13 |[0m
  [90m14 |[0m [90m// 
Sample image URLs (replace 
with actual paths or 
import your images)[0m

Import map: aliased to 
relative './src/assets/gall
ary/gallery-1.png' inside 
of [project]/next-app


https://nextjs.org/docs/mes
sages/module-not-found


./next-app/src/pages/Gallar
y/GallaryDetailsPage 
copy.jsx:4:1
Module not found: Can't 
resolve '@/assets/gallary/g
allery-2.png'
  [90m2 |[0m 
[36mimport[0m 
[33mReact[0m 
[36mfrom[0m 
[32m"react"[0m;
  [90m3 |[0m 
[36mimport[0m { motion } 
[36mfrom[0m 
[32m"framer-motion"[0m;
[31m[1m>[0m [90m4 
|[0m [36mimport[0m 
image2 [36mfrom[0m [32m"
@/assets/gallary/gallery-2.
png"[0m;
  [90m  |[0m [31m[1m^^^
^^^^^^^^^^^^^^^^^^^^^^^^^^^
^^^^^^^^^^^^^^^^^^^^^^[0m
  [90m5 |[0m 
[36mimport[0m image3 
[36mfrom[0m [32m"@/asset
s/gallary/gallery-3.png"[0
m;
  [90m6 |[0m 
[36mimport[0m image4 
[36mfrom[0m [32m"@/asset
s/gallary/gallery-4.png"[0
m;
  [90m7 |[0m 
[36mimport[0m image5 
[36mfrom[0m [32m"@/asset
s/gallary/gallery-5.png"[0
m;

Import map: aliased to 
relative './src/assets/gall
ary/gallery-2.png' inside 
of [project]/next-app


https://nextjs.org/docs/mes
sages/module-not-found


./next-app/src/pages/Gallar
y/GallaryDetailsPage 
copy.jsx:5:1
Module not found: Can't 
resolve '@/assets/gallary/g
allery-3.png'
  [90m3 |[0m 
[36mimport[0m { motion } 
[36mfrom[0m 
[32m"framer-motion"[0m;
  [90m4 |[0m 
[36mimport[0m image2 
[36mfrom[0m [32m"@/asset
s/gallary/gallery-2.png"[0
m;
[31m[1m>[0m [90m5 
|[0m [36mimport[0m 
image3 [36mfrom[0m [32m"
@/assets/gallary/gallery-3.
png"[0m;
  [90m  |[0m [31m[1m^^^
^^^^^^^^^^^^^^^^^^^^^^^^^^^
^^^^^^^^^^^^^^^^^^^^^^[0m
  [90m6 |[0m 
[36mimport[0m image4 
[36mfrom[0m [32m"@/asset
s/gallary/gallery-4.png"[0
m;
  [90m7 |[0m 
[36mimport[0m image5 
[36mfrom[0m [32m"@/asset
s/gallary/gallery-5.png"[0
m;
  [90m8 |[0m 
[36mimport[0m image6 
[36mfrom[0m [32m"@/asset
s/gallary/gallery-6.png"[0
m;

Import map: aliased to 
relative './src/assets/gall
ary/gallery-3.png' inside 
of [project]/next-app


https://nextjs.org/docs/mes
sages/module-not-found


./next-app/src/pages/Gallar
y/GallaryDetailsPage 
copy.jsx:6:1
Module not found: Can't 
resolve '@/assets/gallary/g
allery-4.png'
  [90m4 |[0m 
[36mimport[0m image2 
[36mfrom[0m [32m"@/asset
s/gallary/gallery-2.png"[0
m;
  [90m5 |[0m 
[36mimport[0m image3 
[36mfrom[0m [32m"@/asset
s/gallary/gallery-3.png"[0
m;
[31m[1m>[0m [90m6 
|[0m [36mimport[0m 
image4 [36mfrom[0m [32m"
@/assets/gallary/gallery-4.
png"[0m;
  [90m  |[0m [31m[1m^^^
^^^^^^^^^^^^^^^^^^^^^^^^^^^
^^^^^^^^^^^^^^^^^^^^^^[0m
  [90m7 |[0m 
[36mimport[0m image5 
[36mfrom[0m [32m"@/asset
s/gallary/gallery-5.png"[0
m;
  [90m8 |[0m 
[36mimport[0m image6 
[36mfrom[0m [32m"@/asset
s/gallary/gallery-6.png"[0
m;
  [90m9 |[0m 
[36mimport[0m image7 
[36mfrom[0m [32m"@/asset
s/gallary/gallery-7.png"[0
m;

Import map: aliased to 
relative './src/assets/gall
ary/gallery-4.png' inside 
of [project]/next-app


https://nextjs.org/docs/mes
sages/module-not-found


./next-app/src/pages/Gallar
y/GallaryDetailsPage 
copy.jsx:7:1
Module not found: Can't 
resolve '@/assets/gallary/g
allery-5.png'
  [90m 5 |[0m 
[36mimport[0m image3 
[36mfrom[0m [32m"@/asset
s/gallary/gallery-3.png"[0
m;
  [90m 6 |[0m 
[36mimport[0m image4 
[36mfrom[0m [32m"@/asset
s/gallary/gallery-4.png"[0
m;
[31m[1m>[0m [90m 7 
|[0m [36mimport[0m 
image5 [36mfrom[0m [32m"
@/assets/gallary/gallery-5.
png"[0m;
  [90m   |[0m [31m[1m^^
^^^^^^^^^^^^^^^^^^^^^^^^^^^
^^^^^^^^^^^^^^^^^^^^^^^[0m
  [90m 8 |[0m 
[36mimport[0m image6 
[36mfrom[0m [32m"@/asset
s/gallary/gallery-6.png"[0
m;
  [90m 9 |[0m 
[36mimport[0m image7 
[36mfrom[0m [32m"@/asset
s/gallary/gallery-7.png"[0
m;
  [90m10 |[0m 
[36mimport[0m image8 
[36mfrom[0m [32m"@/asset
s/gallary/gallery-8.png"[0
m;

Import map: aliased to 
relative './src/assets/gall
ary/gallery-5.png' inside 
of [project]/next-app


https://nextjs.org/docs/mes
sages/module-not-found


./next-app/src/pages/Gallar
y/GallaryDetailsPage 
copy.jsx:8:1
Module not found: Can't 
resolve '@/assets/gallary/g
allery-6.png'
  [90m 6 |[0m 
[36mimport[0m image4 
[36mfrom[0m [32m"@/asset
s/gallary/gallery-4.png"[0
m;
  [90m 7 |[0m 
[36mimport[0m image5 
[36mfrom[0m [32m"@/asset
s/gallary/gallery-5.png"[0
m;
[31m[1m>[0m [90m 8 
|[0m [36mimport[0m 
image6 [36mfrom[0m [32m"
@/assets/gallary/gallery-6.
png"[0m;
  [90m   |[0m [31m[1m^^
^^^^^^^^^^^^^^^^^^^^^^^^^^^
^^^^^^^^^^^^^^^^^^^^^^^[0m
  [90m 9 |[0m 
[36mimport[0m image7 
[36mfrom[0m [32m"@/asset
s/gallary/gallery-7.png"[0
m;
  [90m10 |[0m 
[36mimport[0m image8 
[36mfrom[0m [32m"@/asset
s/gallary/gallery-8.png"[0
m;
  [90m11 |[0m 
[36mimport[0m image1 
[36mfrom[0m [32m"@/asset
s/gallary/gallery-1.png"[0
m;

Import map: aliased to 
relative './src/assets/gall
ary/gallery-6.png' inside 
of [project]/next-app


https://nextjs.org/docs/mes
sages/module-not-found


./next-app/src/pages/Gallar
y/GallaryDetailsPage 
copy.jsx:9:1
Module not found: Can't 
resolve '@/assets/gallary/g
allery-7.png'
  [90m 7 |[0m 
[36mimport[0m image5 
[36mfrom[0m [32m"@/asset
s/gallary/gallery-5.png"[0
m;
  [90m 8 |[0m 
[36mimport[0m image6 
[36mfrom[0m [32m"@/asset
s/gallary/gallery-6.png"[0
m;
[31m[1m>[0m [90m 9 
|[0m [36mimport[0m 
image7 [36mfrom[0m [32m"
@/assets/gallary/gallery-7.
png"[0m;
  [90m   |[0m [31m[1m^^
^^^^^^^^^^^^^^^^^^^^^^^^^^^
^^^^^^^^^^^^^^^^^^^^^^^[0m
  [90m10 |[0m 
[36mimport[0m image8 
[36mfrom[0m [32m"@/asset
s/gallary/gallery-8.png"[0
m;
  [90m11 |[0m 
[36mimport[0m image1 
[36mfrom[0m [32m"@/asset
s/gallary/gallery-1.png"[0
m;
  [90m12 |[0m

Import map: aliased to 
relative './src/assets/gall
ary/gallery-7.png' inside 
of [project]/next-app


https://nextjs.org/docs/mes
sages/module-not-found


./next-app/src/pages/Gallar
y/GallaryDetailsPage 
copy.jsx:10:1
Module not found: Can't 
resolve '@/assets/gallary/g
allery-8.png'
  [90m 8 |[0m 
[36mimport[0m image6 
[36mfrom[0m [32m"@/asset
s/gallary/gallery-6.png"[0
m;
  [90m 9 |[0m 
[36mimport[0m image7 
[36mfrom[0m [32m"@/asset
s/gallary/gallery-7.png"[0
m;
[31m[1m>[0m [90m10 
|[0m [36mimport[0m 
image8 [36mfrom[0m [32m"
@/assets/gallary/gallery-8.
png"[0m;
  [90m   |[0m [31m[1m^^
^^^^^^^^^^^^^^^^^^^^^^^^^^^
^^^^^^^^^^^^^^^^^^^^^^^[0m
  [90m11 |[0m 
[36mimport[0m image1 
[36mfrom[0m [32m"@/asset
s/gallary/gallery-1.png"[0
m;
  [90m12 |[0m
  [90m13 |[0m

Import map: aliased to 
relative './src/assets/gall
ary/gallery-8.png' inside 
of [project]/next-app


https://nextjs.org/docs/mes
sages/module-not-found


./next-app/src/app/headline
/page.jsx:1:1
Module not found: Can't 
resolve 
'@/pages/newsletter'
[31m[1m>[0m [90m1 
|[0m [36mimport[0m 
[33mPageComponent[0m 
[36mfrom[0m [32m"@/pages
/newsletter"[0m;
  [90m  |[0m [31m[1m^^^
^^^^^^^^^^^^^^^^^^^^^^^^^^^
^^^^^^^^^^^^^^^^^[0m
  [90m2 |[0m
  [90m3 |[0m 
[36mexport[0m 
[36mdefault[0m 
[36mfunction[0m 
[33mPage[0m() {
  [90m4 |[0m   
[36mreturn[0m 
<[33mPageComponent[0m />;

Import map: aliased to 
relative 
'./src/pages/newsletter' 
inside of 
[project]/next-app


https://nextjs.org/docs/mes
sages/module-not-found


    at <unknown> (./next-ap
p/src/pages/Home/JoinClubSe
ction.jsx:9:1)
    at <unknown> (https://n
extjs.org/docs/messages/mod
ule-not-found)
    at <unknown> (./next-ap
p/src/components/ScrollProg
ressBar.jsx:3:1)
    at <unknown> (https://n
extjs.org/docs/messages/mod
ule-not-found)
    at <unknown> (https://n
extjs.org/docs/messages/mod
ule-not-found)
    at <unknown> (https://n
extjs.org/docs/messages/mod
ule-not-found)
    at <unknown> (https://n
extjs.org/docs/messages/mod
ule-not-found)
    at <unknown> (https://n
extjs.org/docs/messages/mod
ule-not-found)
    at <unknown> (https://n
extjs.org/docs/messages/mod
ule-not-found)
    at <unknown> (https://n
extjs.org/docs/messages/mod
ule-not-found)
    at <unknown> (https://n
extjs.org/docs/messages/mod
ule-not-found)
    at <unknown> (https://n
extjs.org/docs/messages/mod
ule-not-found)
    at <unknown> (https://n
extjs.org/docs/messages/mod
ule-not-found)
    at <unknown> (https://n
extjs.org/docs/messages/mod
ule-not-found)
    at <unknown> (https://n
extjs.org/docs/messages/mod
ule-not-found)
    at <unknown> (https://n
extjs.org/docs/messages/mod
ule-not-found)
    at <unknown> (https://n
extjs.org/docs/messages/mod
ule-not-found)
    at <unknown> (https://n
extjs.org/docs/messages/mod
ule-not-found)
    at <unknown> (https://n
extjs.org/docs/messages/mod
ule-not-found)
    at <unknown> (https://n
extjs.org/docs/messages/mod
ule-not-found)
    at <unknown> (https://n
extjs.org/docs/messages/mod
ule-not-found)
    at <unknown> (https://n
extjs.org/docs/messages/mod
ule-not-found)
    at <unknown> (https://n
extjs.org/docs/messages/mod
ule-not-found)
    at <unknown> (https://n
extjs.org/docs/messages/mod
ule-not-found)
    at <unknown> (https://n
extjs.org/docs/messages/mod
ule-not-found)
    at <unknown> (https://n
extjs.org/docs/messages/mod
ule-not-found)
    at <unknown> (https://n
extjs.org/docs/messages/mod
ule-not-found)
    at <unknown> (https://n
extjs.org/docs/messages/mod
ule-not-found)
    at <unknown> (./next-ap
p/src/components/Navbar.jsx
:7:1)
    at <unknown> (https://n
extjs.org/docs/messages/mod
ule-not-found)
    at <unknown> (./next-ap
p/src/pages/About/AboutCirc
le.jsx:4:1)
    at <unknown> (https://n
extjs.org/docs/messages/mod
ule-not-found)
    at <unknown> (./next-ap
p/src/pages/About/AboutCirc
le.jsx:5:1)
    at <unknown> (https://n
extjs.org/docs/messages/mod
ule-not-found)
    at <unknown> (./next-ap
p/src/pages/Home/EventSecti
on.jsx:4:1)
    at <unknown> (https://n
extjs.org/docs/messages/mod
ule-not-found)
    at <unknown> (./next-ap
p/src/pages/Home/EventSecti
on.jsx:5:1)
    at <unknown> (https://n
extjs.org/docs/messages/mod
ule-not-found)
    at <unknown> (./next-ap
p/src/pages/Home/EventGrid.
jsx:7:1)
    at <unknown> (https://n
extjs.org/docs/messages/mod
ule-not-found)
    at <unknown> (./next-ap
p/src/pages/Home/EventGrid.
jsx:8:1)
    at <unknown> (https://n
extjs.org/docs/messages/mod
ule-not-found)
    at <unknown> (./next-ap
p/src/pages/Home/EventGrid.
jsx:9:1)
    at <unknown> (https://n
extjs.org/docs/messages/mod
ule-not-found)
    at <unknown> (./next-ap
p/src/pages/Home/EventGrid.
jsx:10:1)
    at <unknown> (https://n
extjs.org/docs/messages/mod
ule-not-found)
    at <unknown> (./next-ap
p/src/pages/Home/EventGrid.
jsx:11:1)
    at <unknown> (https://n
extjs.org/docs/messages/mod
ule-not-found)
    at <unknown> (./next-ap
p/src/pages/Home/JoinUsBann
er.jsx:3:1)
    at <unknown> (https://n
extjs.org/docs/messages/mod
ule-not-found)
    at <unknown> (./next-ap
p/src/pages/Home/CommunityB
anner.jsx:3:1)
    at <unknown> (https://n
extjs.org/docs/messages/mod
ule-not-found)
    at <unknown> (./next-ap
p/src/pages/Home/CommunityB
anner.jsx:4:1)
    at <unknown> (https://n
extjs.org/docs/messages/mod
ule-not-found)
    at <unknown> (./next-ap
p/src/pages/Home/JoinUsSect
ion.jsx:6:1)
    at <unknown> (https://n
extjs.org/docs/messages/mod
ule-not-found)
    at <unknown> (./next-ap
p/src/pages/Home/JoinUsSect
ion.jsx:7:1)
    at <unknown> (https://n
extjs.org/docs/messages/mod
ule-not-found)
    at <unknown> (./next-ap
p/src/pages/About/PastPresi
dentsGrid.jsx:4:1)
    at <unknown> (https://n
extjs.org/docs/messages/mod
ule-not-found)
    at <unknown> (./next-ap
p/src/components/FooterSect
ion.jsx:7:1)
    at <unknown> (https://n
extjs.org/docs/messages/mod
ule-not-found)
    at <unknown> (./next-ap
p/src/pages/Home/HeroSectio
n.jsx:4:1)
    at <unknown> (https://n
extjs.org/docs/messages/mod
ule-not-found)
    at <unknown> (./next-ap
p/src/pages/About/AboutBann
er.jsx:4:1)
    at <unknown> (https://n
extjs.org/docs/messages/mod
ule-not-found)
    at <unknown> (./next-ap
p/src/pages/Home/JoinClubSe
ction.jsx:4:1)
    at <unknown> (https://n
extjs.org/docs/messages/mod
ule-not-found)
    at <unknown> (./next-ap
p/src/pages/Home/JoinClubSe
ction.jsx:5:1)
    at <unknown> (https://n
extjs.org/docs/messages/mod
ule-not-found)
    at <unknown> (./next-ap
p/src/pages/Home/JoinClubSe
ction.jsx:6:1)
    at <unknown> (https://n
extjs.org/docs/messages/mod
ule-not-found)
    at <unknown> (./next-ap
p/src/pages/Home/JoinClubSe
ction.jsx:7:1)
    at <unknown> (https://n
extjs.org/docs/messages/mod
ule-not-found)
    at <unknown> (./next-ap
p/src/pages/Home/JoinClubSe
ction.jsx:8:1)
    at <unknown> (https://n
extjs.org/docs/messages/mod
ule-not-found)
    at <unknown> (./next-ap
p/src/components/ScrollToTo
pButton.jsx:7:1)
    at <unknown> (https://n
extjs.org/docs/messages/mod
ule-not-found)
    at <unknown> (./next-ap
p/src/data/EventsData.js:4:
1)
    at <unknown> (https://n
extjs.org/docs/messages/mod
ule-not-found)
    at <unknown> (./next-ap
p/src/data/EventsData.js:5:
1)
    at <unknown> (https://n
extjs.org/docs/messages/mod
ule-not-found)
    at <unknown> (./next-ap
p/src/data/EventsData.js:6:
1)
    at <unknown> (https://n
extjs.org/docs/messages/mod
ule-not-found)
    at <unknown> (./next-ap
p/src/data/EventsData.js:7:
1)
    at <unknown> (https://n
extjs.org/docs/messages/mod
ule-not-found)
    at <unknown> (./next-ap
p/src/components/FooterSect
ion.jsx:6:1)
    at <unknown> (https://n
extjs.org/docs/messages/mod
ule-not-found)
    at <unknown> (./next-ap
p/src/pages/Home/HeroSectio
n.jsx:7:1)
    at <unknown> (https://n
extjs.org/docs/messages/mod
ule-not-found)
    at <unknown> (./next-ap
p/src/pages/Gallary/Gallary
DetailsPage copy.jsx:11:1)
    at <unknown> (https://n
extjs.org/docs/messages/mod
ule-not-found)
    at <unknown> (./next-ap
p/src/pages/Gallary/Gallary
DetailsPage copy.jsx:4:1)
    at <unknown> (https://n
extjs.org/docs/messages/mod
ule-not-found)
    at <unknown> (./next-ap
p/src/pages/Gallary/Gallary
DetailsPage copy.jsx:5:1)
    at <unknown> (https://n
extjs.org/docs/messages/mod
ule-not-found)
    at <unknown> (./next-ap
p/src/pages/Gallary/Gallary
DetailsPage copy.jsx:6:1)
    at <unknown> (https://n
extjs.org/docs/messages/mod
ule-not-found)
    at <unknown> (./next-ap
p/src/pages/Gallary/Gallary
DetailsPage copy.jsx:7:1)
    at <unknown> (https://n
extjs.org/docs/messages/mod
ule-not-found)
    at <unknown> (./next-ap
p/src/pages/Gallary/Gallary
DetailsPage copy.jsx:8:1)
    at <unknown> (https://n
extjs.org/docs/messages/mod
ule-not-found)
    at <unknown> (./next-ap
p/src/pages/Gallary/Gallary
DetailsPage copy.jsx:9:1)
    at <unknown> (https://n
extjs.org/docs/messages/mod
ule-not-found)
    at <unknown> (./next-ap
p/src/pages/Gallary/Gallary
DetailsPage copy.jsx:10:1)
    at <unknown> (https://n
extjs.org/docs/messages/mod
ule-not-found)
    at <unknown> (./next-ap
p/src/app/headline/page.jsx
:1:1)
    at <unknown> (https://n
extjs.org/docs/messages/mod
ule-not-found)
